LTspice 26.0.2 for Windows
Circuit: Z:\home\pc\Downloads\GIT\project-reverse-lab\DAN_signle_stage.net
Start Time: Fri Jul  3 10:41:46 2026
solver = Normal
Maximum thread count: 4
tnom = 27
temp = 27
method = trap
WARNING: Node n009 is floating.
WARNING: Node n019 is floating.
WARNING: Node n018 is floating.
WARNING: Node n007 is floating.
WARNING: Node n010 is floating.
WARNING: Node n021 is floating.
WARNING: Node n020 is floating.
WARNING: Node n008 is floating.

Direct Newton iteration succeeded in finding operating point.
Total elapsed time: 12.021 seconds.

Files loaded:
Z:\home\pc\Downloads\GIT\project-reverse-lab\DAN_signle_stage.net

